2017-10-27 13:54:24,775 - main - DEBUG - current pay_limit is (321, 2800000, '聚合微信')
2017-10-27 16:35:23,099 - main - DEBUG - current pay_limit is (321, 2800000, '聚合微信')
2017-10-27 16:39:09,769 - main - DEBUG - current pay_limit is (321, 2800000, '聚合微信')
2017-10-27 16:39:11,706 - main - DEBUG - current pay_limit is (321, 2800000, '聚合微信')
2017-10-27 17:32:17,998 - main - DEBUG - current pay_limit is (321, 2800000, '聚合微信')
2017-10-27 17:32:18,010 - main - DEBUG - 聚合微信 current pay is 1444688
2017-10-27 17:34:26,254 - main - DEBUG - 目前充值没有限制
2017-10-27 17:35:20,329 - main - DEBUG - current pay_limit is (321, 2800000, '聚合微信')
2017-10-27 17:35:20,422 - main - DEBUG - 聚合微信 current pay is 1459131
2017-10-27 17:35:56,430 - main - DEBUG - current pay_limit is (321, 2800000, '聚合微信')
2017-10-27 17:35:56,498 - main - DEBUG - 聚合微信 current pay is 1462030
2017-10-27 17:36:02,160 - main - DEBUG - 开始循环检测
2017-10-27 17:36:02,193 - main - DEBUG - 等待5分钟………
2017-10-27 17:41:02,214 - main - DEBUG - 聚合微信目前充值数额为1462030,咋还不切换支付呢
2017-10-27 17:41:05,027 - main - DEBUG - 等待5分钟………
2017-10-27 17:46:05,051 - main - DEBUG - 聚合微信目前充值数额为1462030,咋还不切换支付呢
2017-10-27 17:46:07,647 - main - DEBUG - 等待5分钟………
2017-10-27 17:52:12,975 - main - DEBUG - current pay_limit is (321, 2800000, '聚合微信')
2017-10-27 17:52:13,015 - main - DEBUG - 聚合微信 current pay is 1537775
2017-10-27 17:52:16,156 - main - DEBUG - 开始循环检测
2017-10-27 17:52:16,159 - main - DEBUG - 等待5分钟………
2017-10-27 17:52:19,927 - main - DEBUG - 聚合微信目前充值数额为1537775,咋还不切换支付呢
2017-10-27 17:52:22,356 - main - DEBUG - 等待5分钟………
2017-10-27 17:52:27,137 - main - DEBUG - 聚合微信目前充值数额为1537775,咋还不切换支付呢
2017-10-27 17:52:29,548 - main - DEBUG - 等待5分钟………
2017-10-27 17:52:34,585 - main - DEBUG - 聚合微信目前充值数额为1537775,咋还不切换支付呢
2017-10-27 17:52:37,207 - main - DEBUG - 等待5分钟………
2017-10-27 17:52:41,734 - main - DEBUG - 聚合微信目前充值数额为1537775,咋还不切换支付呢
2017-10-27 17:52:44,560 - main - DEBUG - 等待5分钟………
2017-10-27 17:52:48,991 - main - DEBUG - 聚合微信目前充值数额为1537775,咋还不切换支付呢
2017-10-27 17:52:51,288 - main - DEBUG - 等待5分钟………
2017-10-27 17:54:51,459 - main - DEBUG - current pay_limit is (321, 2800000, '聚合微信')
2017-10-27 17:54:51,474 - main - DEBUG - 聚合微信 current pay is 1549340
2017-10-27 17:54:54,069 - main - DEBUG - 开始循环检测
2017-10-27 17:54:54,072 - main - DEBUG - 等待5分钟………
2017-10-27 17:55:02,906 - main - DEBUG - 聚合微信目前充值数额为1550140,咋还不切换支付呢
2017-10-27 17:55:05,579 - main - DEBUG - 等待5分钟………
2017-10-27 17:55:13,997 - main - DEBUG - 聚合微信目前充值数额为1553180,咋还不切换支付呢
2017-10-27 17:55:16,324 - main - DEBUG - 等待5分钟………
2017-10-27 17:58:00,982 - main - DEBUG - current pay_limit is (321, 2800000, '聚合微信')
2017-10-27 17:58:01,010 - main - DEBUG - 聚合微信 current pay is 1575586
2017-10-27 17:58:03,517 - main - DEBUG - 开始循环检测
2017-10-27 17:58:03,519 - main - DEBUG - 等待5分钟………
2017-10-27 17:58:17,525 - main - DEBUG - current pay_limit is (321, 2800000, '聚合微信')
2017-10-27 17:58:17,572 - main - DEBUG - 聚合微信 current pay is 1577208
2017-10-27 17:58:20,118 - main - DEBUG - 开始循环检测
2017-10-27 17:58:20,129 - main - DEBUG - 等待5分钟………
2017-10-27 17:58:29,098 - main - DEBUG - 聚合微信目前充值数额为1578128,咋还不切换支付呢
2017-10-27 17:58:31,600 - main - DEBUG - 等待5分钟………
2017-10-27 17:58:39,826 - main - DEBUG - 聚合微信目前充值数额为1579378,咋还不切换支付呢
2017-10-27 17:58:42,434 - main - DEBUG - 等待5分钟………
2017-10-27 17:59:26,536 - main - DEBUG - current pay_limit is (321, 2800000, '聚合微信')
2017-10-27 17:59:26,566 - main - DEBUG - 聚合微信 current pay is 1593394
2017-10-27 17:59:29,147 - main - DEBUG - 开始循环检测
2017-10-27 17:59:29,150 - main - DEBUG - 等待5分钟………
2017-10-27 17:59:37,175 - main - DEBUG - 聚合微信目前充值数额为1594624,咋还不切换支付呢
2017-10-27 17:59:39,562 - main - DEBUG - 等待5分钟………
2017-10-27 20:58:58,196 - main - DEBUG - current pay_limit is (321, 2800000, '聚合微信')
2017-10-27 20:59:08,483 - main - DEBUG - current pay_limit is (321, 2800000, '聚合微信')
2017-10-27 20:59:19,096 - main - DEBUG - current pay_limit is (321, 2800000, '聚合微信')
2017-10-27 21:00:19,730 - main - DEBUG - current pay_limit is (321, 2800000, '聚合微信')
2017-10-27 21:00:19,744 - main - DEBUG - 聚合微信目前充值数额为2743441
2017-10-27 21:00:29,824 - main - DEBUG - current pay_limit is (321, 2800000, '聚合微信')
2017-10-27 21:00:29,843 - main - DEBUG - 聚合微信目前充值数额为2745011
